[embedding] granite97m
[embedding] multilingual_e5_small
[embedding] multilingual_minilm_l12
[classification__tfidf__none__logistic_regression] fold 1/5 fit=20.02s
[classification__tfidf__none__logistic_regression] fold 2/5 fit=12.95s
[classification__tfidf__none__logistic_regression] fold 3/5 fit=9.33s
[classification__tfidf__none__logistic_regression] fold 4/5 fit=12.04s
[classification__tfidf__none__logistic_regression] fold 5/5 fit=9.07s
[classification__tfidf__none__decision_tree] fold 1/5 fit=5.79s
[classification__tfidf__none__decision_tree] fold 2/5 fit=4.79s
[classification__tfidf__none__decision_tree] fold 3/5 fit=5.15s
[classification__tfidf__none__decision_tree] fold 4/5 fit=4.55s
[classification__tfidf__none__decision_tree] fold 5/5 fit=5.86s
[classification__tfidf__none__linear_svm] fold 1/5 fit=16.95s
[classification__tfidf__none__linear_svm] fold 2/5 fit=8.39s
[classification__tfidf__none__linear_svm] fold 3/5 fit=5.17s
[classification__tfidf__none__linear_svm] fold 4/5 fit=14.88s
[classification__tfidf__none__linear_svm] fold 5/5 fit=5.87s
[classification__tfidf__none__mlp] fold 1/5 fit=71.19s
[classification__tfidf__none__mlp] fold 2/5 fit=84.10s
[classification__tfidf__none__mlp] fold 3/5 fit=67.34s
[classification__tfidf__none__mlp] fold 4/5 fit=103.97s
[classification__tfidf__none__mlp] fold 5/5 fit=78.67s
[classification__tfidf__none__xgboost] fold 1/5 fit=83.66s
[classification__tfidf__none__xgboost] fold 2/5 fit=128.99s
[classification__tfidf__none__xgboost] fold 3/5 fit=115.73s
[classification__tfidf__none__xgboost] fold 4/5 fit=143.16s
[classification__tfidf__none__xgboost] fold 5/5 fit=150.64s
[deduplication__tfidf__none__logistic_regression] fold 1/5 fit=39.43s
[deduplication__tfidf__none__logistic_regression] fold 2/5 fit=31.01s
[deduplication__tfidf__none__logistic_regression] fold 3/5 fit=26.29s
[deduplication__tfidf__none__logistic_regression] fold 4/5 fit=13.02s
[deduplication__tfidf__none__logistic_regression] fold 5/5 fit=11.50s
[deduplication__tfidf__none__decision_tree] fold 1/5 fit=25.86s
[deduplication__tfidf__none__decision_tree] fold 2/5 fit=12.46s
[deduplication__tfidf__none__decision_tree] fold 3/5 fit=22.89s
[deduplication__tfidf__none__decision_tree] fold 4/5 fit=17.20s
[deduplication__tfidf__none__decision_tree] fold 5/5 fit=16.88s
[deduplication__tfidf__none__linear_svm] fold 1/5 fit=15.32s
[deduplication__tfidf__none__linear_svm] fold 2/5 fit=27.38s
[deduplication__tfidf__none__linear_svm] fold 3/5 fit=11.87s
[deduplication__tfidf__none__linear_svm] fold 4/5 fit=19.75s
[deduplication__tfidf__none__linear_svm] fold 5/5 fit=12.69s
[deduplication__tfidf__none__mlp] fold 1/5 fit=91.12s
[deduplication__tfidf__none__mlp] fold 2/5 fit=172.44s
[deduplication__tfidf__none__mlp] fold 3/5 fit=82.68s
[deduplication__tfidf__none__mlp] fold 4/5 fit=60.04s
[deduplication__tfidf__none__mlp] fold 5/5 fit=56.77s
[deduplication__tfidf__none__xgboost] fold 1/5 fit=34.42s
[deduplication__tfidf__none__xgboost] fold 2/5 fit=35.82s
[deduplication__tfidf__none__xgboost] fold 3/5 fit=39.52s
[deduplication__tfidf__none__xgboost] fold 4/5 fit=39.55s
[deduplication__tfidf__none__xgboost] fold 5/5 fit=29.77s
[classification__embedding__granite97m__logistic_regression] fold 1/5 fit=0.59s
[classification__embedding__granite97m__logistic_regression] fold 2/5 fit=0.48s
[classification__embedding__granite97m__logistic_regression] fold 3/5 fit=0.48s
[classification__embedding__granite97m__logistic_regression] fold 4/5 fit=0.68s
[classification__embedding__granite97m__logistic_regression] fold 5/5 fit=0.99s
[classification__embedding__granite97m__decision_tree] fold 1/5 fit=1.09s
[classification__embedding__granite97m__decision_tree] fold 2/5 fit=0.98s
[classification__embedding__granite97m__decision_tree] fold 3/5 fit=1.45s
[classification__embedding__granite97m__decision_tree] fold 4/5 fit=1.66s
[classification__embedding__granite97m__decision_tree] fold 5/5 fit=0.77s
[classification__embedding__granite97m__linear_svm] fold 1/5 fit=2.66s
[classification__embedding__granite97m__linear_svm] fold 2/5 fit=0.94s
[classification__embedding__granite97m__linear_svm] fold 3/5 fit=0.67s
[classification__embedding__granite97m__linear_svm] fold 4/5 fit=0.84s
[classification__embedding__granite97m__linear_svm] fold 5/5 fit=1.13s
[classification__embedding__granite97m__mlp] fold 1/5 fit=31.18s
[classification__embedding__granite97m__mlp] fold 2/5 fit=35.80s
[classification__embedding__granite97m__mlp] fold 3/5 fit=24.22s
[classification__embedding__granite97m__mlp] fold 4/5 fit=24.24s
[classification__embedding__granite97m__mlp] fold 5/5 fit=25.15s
[classification__embedding__granite97m__xgboost] fold 1/5 fit=31.43s
[classification__embedding__granite97m__xgboost] fold 2/5 fit=37.93s
[classification__embedding__granite97m__xgboost] fold 3/5 fit=36.55s
[classification__embedding__granite97m__xgboost] fold 4/5 fit=31.78s
[classification__embedding__granite97m__xgboost] fold 5/5 fit=31.28s
[deduplication__embedding__granite97m__logistic_regression] fold 1/5 fit=0.34s
[deduplication__embedding__granite97m__logistic_regression] fold 2/5 fit=0.38s
[deduplication__embedding__granite97m__logistic_regression] fold 3/5 fit=0.31s
[deduplication__embedding__granite97m__logistic_regression] fold 4/5 fit=0.37s
[deduplication__embedding__granite97m__logistic_regression] fold 5/5 fit=0.44s
[deduplication__embedding__granite97m__decision_tree] fold 1/5 fit=1.31s
[deduplication__embedding__granite97m__decision_tree] fold 2/5 fit=1.51s
[deduplication__embedding__granite97m__decision_tree] fold 3/5 fit=1.24s
[deduplication__embedding__granite97m__decision_tree] fold 4/5 fit=1.41s
[deduplication__embedding__granite97m__decision_tree] fold 5/5 fit=1.31s
[deduplication__embedding__granite97m__linear_svm] fold 1/5 fit=1.00s
[deduplication__embedding__granite97m__linear_svm] fold 2/5 fit=0.88s
[deduplication__embedding__granite97m__linear_svm] fold 3/5 fit=0.88s
[deduplication__embedding__granite97m__linear_svm] fold 4/5 fit=0.93s
[deduplication__embedding__granite97m__linear_svm] fold 5/5 fit=0.89s
[deduplication__embedding__granite97m__mlp] fold 1/5 fit=33.11s
[deduplication__embedding__granite97m__mlp] fold 2/5 fit=26.65s
[deduplication__embedding__granite97m__mlp] fold 3/5 fit=37.94s
[deduplication__embedding__granite97m__mlp] fold 4/5 fit=33.65s
[deduplication__embedding__granite97m__mlp] fold 5/5 fit=31.20s
[deduplication__embedding__granite97m__xgboost] fold 1/5 fit=13.06s
[deduplication__embedding__granite97m__xgboost] fold 2/5 fit=13.98s
[deduplication__embedding__granite97m__xgboost] fold 3/5 fit=12.75s
[deduplication__embedding__granite97m__xgboost] fold 4/5 fit=12.69s
[deduplication__embedding__granite97m__xgboost] fold 5/5 fit=14.67s
[classification__embedding__multilingual_e5_small__logistic_regression] fold 1/5 fit=0.68s
[classification__embedding__multilingual_e5_small__logistic_regression] fold 2/5 fit=0.35s
[classification__embedding__multilingual_e5_small__logistic_regression] fold 3/5 fit=0.41s
[classification__embedding__multilingual_e5_small__logistic_regression] fold 4/5 fit=0.39s
[classification__embedding__multilingual_e5_small__logistic_regression] fold 5/5 fit=0.37s
[classification__embedding__multilingual_e5_small__decision_tree] fold 1/5 fit=0.81s
[classification__embedding__multilingual_e5_small__decision_tree] fold 2/5 fit=0.89s
[classification__embedding__multilingual_e5_small__decision_tree] fold 3/5 fit=0.73s
[classification__embedding__multilingual_e5_small__decision_tree] fold 4/5 fit=0.83s
[classification__embedding__multilingual_e5_small__decision_tree] fold 5/5 fit=0.79s
[classification__embedding__multilingual_e5_small__linear_svm] fold 1/5 fit=1.09s
[classification__embedding__multilingual_e5_small__linear_svm] fold 2/5 fit=1.14s
[classification__embedding__multilingual_e5_small__linear_svm] fold 3/5 fit=1.17s
[classification__embedding__multilingual_e5_small__linear_svm] fold 4/5 fit=0.92s
[classification__embedding__multilingual_e5_small__linear_svm] fold 5/5 fit=0.95s
[classification__embedding__multilingual_e5_small__mlp] fold 1/5 fit=41.91s
[classification__embedding__multilingual_e5_small__mlp] fold 2/5 fit=48.32s
[classification__embedding__multilingual_e5_small__mlp] fold 3/5 fit=52.15s
[classification__embedding__multilingual_e5_small__mlp] fold 4/5 fit=42.36s
[classification__embedding__multilingual_e5_small__mlp] fold 5/5 fit=53.85s
[classification__embedding__multilingual_e5_small__xgboost] fold 1/5 fit=40.77s
[classification__embedding__multilingual_e5_small__xgboost] fold 2/5 fit=41.02s
[classification__embedding__multilingual_e5_small__xgboost] fold 3/5 fit=39.86s
[classification__embedding__multilingual_e5_small__xgboost] fold 4/5 fit=33.44s
[classification__embedding__multilingual_e5_small__xgboost] fold 5/5 fit=30.67s
[deduplication__embedding__multilingual_e5_small__logistic_regression] fold 1/5 fit=0.32s
[deduplication__embedding__multilingual_e5_small__logistic_regression] fold 2/5 fit=0.75s
[deduplication__embedding__multilingual_e5_small__logistic_regression] fold 3/5 fit=0.30s
[deduplication__embedding__multilingual_e5_small__logistic_regression] fold 4/5 fit=0.29s
[deduplication__embedding__multilingual_e5_small__logistic_regression] fold 5/5 fit=0.35s
[deduplication__embedding__multilingual_e5_small__decision_tree] fold 1/5 fit=1.77s
[deduplication__embedding__multilingual_e5_small__decision_tree] fold 2/5 fit=1.54s
[deduplication__embedding__multilingual_e5_small__decision_tree] fold 3/5 fit=1.36s
[deduplication__embedding__multilingual_e5_small__decision_tree] fold 4/5 fit=1.43s
[deduplication__embedding__multilingual_e5_small__decision_tree] fold 5/5 fit=1.48s
[deduplication__embedding__multilingual_e5_small__linear_svm] fold 1/5 fit=1.18s
[deduplication__embedding__multilingual_e5_small__linear_svm] fold 2/5 fit=1.25s
[deduplication__embedding__multilingual_e5_small__linear_svm] fold 3/5 fit=1.06s
[deduplication__embedding__multilingual_e5_small__linear_svm] fold 4/5 fit=1.01s
[deduplication__embedding__multilingual_e5_small__linear_svm] fold 5/5 fit=1.17s
[deduplication__embedding__multilingual_e5_small__mlp] fold 1/5 fit=63.02s
[deduplication__embedding__multilingual_e5_small__mlp] fold 2/5 fit=34.21s
[deduplication__embedding__multilingual_e5_small__mlp] fold 3/5 fit=59.89s
[deduplication__embedding__multilingual_e5_small__mlp] fold 4/5 fit=55.07s
[deduplication__embedding__multilingual_e5_small__mlp] fold 5/5 fit=47.27s
[deduplication__embedding__multilingual_e5_small__xgboost] fold 1/5 fit=15.78s
[deduplication__embedding__multilingual_e5_small__xgboost] fold 2/5 fit=14.67s
[deduplication__embedding__multilingual_e5_small__xgboost] fold 3/5 fit=14.58s
[deduplication__embedding__multilingual_e5_small__xgboost] fold 4/5 fit=15.21s
[deduplication__embedding__multilingual_e5_small__xgboost] fold 5/5 fit=16.68s
[classification__embedding__multilingual_minilm_l12__logistic_regression] fold 1/5 fit=0.42s
[classification__embedding__multilingual_minilm_l12__logistic_regression] fold 2/5 fit=0.51s
[classification__embedding__multilingual_minilm_l12__logistic_regression] fold 3/5 fit=0.42s
[classification__embedding__multilingual_minilm_l12__logistic_regression] fold 4/5 fit=0.46s
[classification__embedding__multilingual_minilm_l12__logistic_regression] fold 5/5 fit=0.39s
[classification__embedding__multilingual_minilm_l12__decision_tree] fold 1/5 fit=0.80s
[classification__embedding__multilingual_minilm_l12__decision_tree] fold 2/5 fit=0.80s
[classification__embedding__multilingual_minilm_l12__decision_tree] fold 3/5 fit=0.73s
[classification__embedding__multilingual_minilm_l12__decision_tree] fold 4/5 fit=0.83s
[classification__embedding__multilingual_minilm_l12__decision_tree] fold 5/5 fit=0.75s
[classification__embedding__multilingual_minilm_l12__linear_svm] fold 1/5 fit=0.52s
[classification__embedding__multilingual_minilm_l12__linear_svm] fold 2/5 fit=0.47s
[classification__embedding__multilingual_minilm_l12__linear_svm] fold 3/5 fit=0.53s
[classification__embedding__multilingual_minilm_l12__linear_svm] fold 4/5 fit=0.45s
[classification__embedding__multilingual_minilm_l12__linear_svm] fold 5/5 fit=0.62s
[classification__embedding__multilingual_minilm_l12__mlp] fold 1/5 fit=16.76s
[classification__embedding__multilingual_minilm_l12__mlp] fold 2/5 fit=18.36s
[classification__embedding__multilingual_minilm_l12__mlp] fold 3/5 fit=16.79s
[classification__embedding__multilingual_minilm_l12__mlp] fold 4/5 fit=14.55s
[classification__embedding__multilingual_minilm_l12__mlp] fold 5/5 fit=18.73s
[classification__embedding__multilingual_minilm_l12__xgboost] fold 1/5 fit=36.91s
[classification__embedding__multilingual_minilm_l12__xgboost] fold 2/5 fit=33.84s
[classification__embedding__multilingual_minilm_l12__xgboost] fold 3/5 fit=33.04s
[classification__embedding__multilingual_minilm_l12__xgboost] fold 4/5 fit=36.01s
[classification__embedding__multilingual_minilm_l12__xgboost] fold 5/5 fit=30.73s
[deduplication__embedding__multilingual_minilm_l12__logistic_regression] fold 1/5 fit=0.43s
[deduplication__embedding__multilingual_minilm_l12__logistic_regression] fold 2/5 fit=0.33s
[deduplication__embedding__multilingual_minilm_l12__logistic_regression] fold 3/5 fit=0.34s
[deduplication__embedding__multilingual_minilm_l12__logistic_regression] fold 4/5 fit=0.33s
[deduplication__embedding__multilingual_minilm_l12__logistic_regression] fold 5/5 fit=0.43s
[deduplication__embedding__multilingual_minilm_l12__decision_tree] fold 1/5 fit=1.51s
[deduplication__embedding__multilingual_minilm_l12__decision_tree] fold 2/5 fit=1.57s
[deduplication__embedding__multilingual_minilm_l12__decision_tree] fold 3/5 fit=1.55s
[deduplication__embedding__multilingual_minilm_l12__decision_tree] fold 4/5 fit=1.41s
[deduplication__embedding__multilingual_minilm_l12__decision_tree] fold 5/5 fit=1.41s
[deduplication__embedding__multilingual_minilm_l12__linear_svm] fold 1/5 fit=0.63s
[deduplication__embedding__multilingual_minilm_l12__linear_svm] fold 2/5 fit=0.67s
[deduplication__embedding__multilingual_minilm_l12__linear_svm] fold 3/5 fit=0.68s
[deduplication__embedding__multilingual_minilm_l12__linear_svm] fold 4/5 fit=0.64s
[deduplication__embedding__multilingual_minilm_l12__linear_svm] fold 5/5 fit=0.62s
[deduplication__embedding__multilingual_minilm_l12__mlp] fold 1/5 fit=17.53s
[deduplication__embedding__multilingual_minilm_l12__mlp] fold 2/5 fit=16.89s
[deduplication__embedding__multilingual_minilm_l12__mlp] fold 3/5 fit=21.20s
[deduplication__embedding__multilingual_minilm_l12__mlp] fold 4/5 fit=20.80s
[deduplication__embedding__multilingual_minilm_l12__mlp] fold 5/5 fit=16.81s
[deduplication__embedding__multilingual_minilm_l12__xgboost] fold 1/5 fit=15.67s
[deduplication__embedding__multilingual_minilm_l12__xgboost] fold 2/5 fit=15.32s
[deduplication__embedding__multilingual_minilm_l12__xgboost] fold 3/5 fit=15.72s
[deduplication__embedding__multilingual_minilm_l12__xgboost] fold 4/5 fit=15.87s
[deduplication__embedding__multilingual_minilm_l12__xgboost] fold 5/5 fit=17.73s
[classification__hybrid__granite97m__logistic_regression] fold 1/5 fit=3.96s
[classification__hybrid__granite97m__logistic_regression] fold 2/5 fit=4.54s
[classification__hybrid__granite97m__logistic_regression] fold 3/5 fit=3.78s
[classification__hybrid__granite97m__logistic_regression] fold 4/5 fit=3.80s
[classification__hybrid__granite97m__logistic_regression] fold 5/5 fit=3.81s
[classification__hybrid__granite97m__decision_tree] fold 1/5 fit=5.19s
[classification__hybrid__granite97m__decision_tree] fold 2/5 fit=5.42s
[classification__hybrid__granite97m__decision_tree] fold 3/5 fit=5.04s
[classification__hybrid__granite97m__decision_tree] fold 4/5 fit=5.10s
[classification__hybrid__granite97m__decision_tree] fold 5/5 fit=4.98s
[classification__hybrid__granite97m__linear_svm] fold 1/5 fit=3.68s
[classification__hybrid__granite97m__linear_svm] fold 2/5 fit=3.88s
[classification__hybrid__granite97m__linear_svm] fold 3/5 fit=3.59s
[classification__hybrid__granite97m__linear_svm] fold 4/5 fit=3.56s
[classification__hybrid__granite97m__linear_svm] fold 5/5 fit=3.77s
[classification__hybrid__granite97m__mlp] fold 1/5 fit=48.93s
[classification__hybrid__granite97m__mlp] fold 2/5 fit=64.10s
[classification__hybrid__granite97m__mlp] fold 3/5 fit=55.80s
[classification__hybrid__granite97m__mlp] fold 4/5 fit=46.70s
[classification__hybrid__granite97m__mlp] fold 5/5 fit=44.01s
[classification__hybrid__granite97m__xgboost] fold 1/5 fit=82.45s
[classification__hybrid__granite97m__xgboost] fold 2/5 fit=84.50s
[classification__hybrid__granite97m__xgboost] fold 3/5 fit=91.97s
[classification__hybrid__granite97m__xgboost] fold 4/5 fit=79.95s
[classification__hybrid__granite97m__xgboost] fold 5/5 fit=89.03s
[deduplication__hybrid__granite97m__logistic_regression] fold 1/5 fit=7.42s
[deduplication__hybrid__granite97m__logistic_regression] fold 2/5 fit=7.40s
[deduplication__hybrid__granite97m__logistic_regression] fold 3/5 fit=7.38s
[deduplication__hybrid__granite97m__logistic_regression] fold 4/5 fit=7.70s
[deduplication__hybrid__granite97m__logistic_regression] fold 5/5 fit=7.46s
[deduplication__hybrid__granite97m__decision_tree] fold 1/5 fit=11.62s
[deduplication__hybrid__granite97m__decision_tree] fold 2/5 fit=11.70s
[deduplication__hybrid__granite97m__decision_tree] fold 3/5 fit=11.94s
[deduplication__hybrid__granite97m__decision_tree] fold 4/5 fit=11.68s
[deduplication__hybrid__granite97m__decision_tree] fold 5/5 fit=11.23s
[deduplication__hybrid__granite97m__linear_svm] fold 1/5 fit=8.31s
[deduplication__hybrid__granite97m__linear_svm] fold 2/5 fit=8.32s
[deduplication__hybrid__granite97m__linear_svm] fold 3/5 fit=8.59s
[deduplication__hybrid__granite97m__linear_svm] fold 4/5 fit=9.10s
[deduplication__hybrid__granite97m__linear_svm] fold 5/5 fit=8.95s
[deduplication__hybrid__granite97m__mlp] fold 1/5 fit=56.00s
[deduplication__hybrid__granite97m__mlp] fold 2/5 fit=50.31s
[deduplication__hybrid__granite97m__mlp] fold 3/5 fit=52.26s
[deduplication__hybrid__granite97m__mlp] fold 4/5 fit=49.60s
[deduplication__hybrid__granite97m__mlp] fold 5/5 fit=69.64s
[deduplication__hybrid__granite97m__xgboost] fold 1/5 fit=38.05s
[deduplication__hybrid__granite97m__xgboost] fold 2/5 fit=36.53s
[deduplication__hybrid__granite97m__xgboost] fold 3/5 fit=37.75s
[deduplication__hybrid__granite97m__xgboost] fold 4/5 fit=40.40s
[deduplication__hybrid__granite97m__xgboost] fold 5/5 fit=43.82s
[classification__hybrid__multilingual_e5_small__logistic_regression] fold 1/5 fit=4.35s
[classification__hybrid__multilingual_e5_small__logistic_regression] fold 2/5 fit=4.38s
[classification__hybrid__multilingual_e5_small__logistic_regression] fold 3/5 fit=3.96s
[classification__hybrid__multilingual_e5_small__logistic_regression] fold 4/5 fit=3.91s
[classification__hybrid__multilingual_e5_small__logistic_regression] fold 5/5 fit=3.96s
[classification__hybrid__multilingual_e5_small__decision_tree] fold 1/5 fit=5.42s
[classification__hybrid__multilingual_e5_small__decision_tree] fold 2/5 fit=7.42s
[classification__hybrid__multilingual_e5_small__decision_tree] fold 3/5 fit=4.92s
[classification__hybrid__multilingual_e5_small__decision_tree] fold 4/5 fit=6.43s
[classification__hybrid__multilingual_e5_small__decision_tree] fold 5/5 fit=5.07s
[classification__hybrid__multilingual_e5_small__linear_svm] fold 1/5 fit=4.07s
[classification__hybrid__multilingual_e5_small__linear_svm] fold 2/5 fit=4.13s
[classification__hybrid__multilingual_e5_small__linear_svm] fold 3/5 fit=3.82s
[classification__hybrid__multilingual_e5_small__linear_svm] fold 4/5 fit=4.07s
[classification__hybrid__multilingual_e5_small__linear_svm] fold 5/5 fit=3.84s
[classification__hybrid__multilingual_e5_small__mlp] fold 1/5 fit=48.06s
[classification__hybrid__multilingual_e5_small__mlp] fold 2/5 fit=62.96s
[classification__hybrid__multilingual_e5_small__mlp] fold 3/5 fit=45.90s
[classification__hybrid__multilingual_e5_small__mlp] fold 4/5 fit=50.62s
[classification__hybrid__multilingual_e5_small__mlp] fold 5/5 fit=44.93s
[classification__hybrid__multilingual_e5_small__xgboost] fold 1/5 fit=85.25s
[classification__hybrid__multilingual_e5_small__xgboost] fold 2/5 fit=87.99s
[classification__hybrid__multilingual_e5_small__xgboost] fold 3/5 fit=101.43s
[classification__hybrid__multilingual_e5_small__xgboost] fold 4/5 fit=108.22s
[classification__hybrid__multilingual_e5_small__xgboost] fold 5/5 fit=90.23s
[deduplication__hybrid__multilingual_e5_small__logistic_regression] fold 1/5 fit=7.43s
[deduplication__hybrid__multilingual_e5_small__logistic_regression] fold 2/5 fit=7.69s
[deduplication__hybrid__multilingual_e5_small__logistic_regression] fold 3/5 fit=7.57s
[deduplication__hybrid__multilingual_e5_small__logistic_regression] fold 4/5 fit=7.56s
[deduplication__hybrid__multilingual_e5_small__logistic_regression] fold 5/5 fit=7.47s
[deduplication__hybrid__multilingual_e5_small__decision_tree] fold 1/5 fit=11.40s
[deduplication__hybrid__multilingual_e5_small__decision_tree] fold 2/5 fit=11.34s
[deduplication__hybrid__multilingual_e5_small__decision_tree] fold 3/5 fit=11.37s
[deduplication__hybrid__multilingual_e5_small__decision_tree] fold 4/5 fit=11.39s
[deduplication__hybrid__multilingual_e5_small__decision_tree] fold 5/5 fit=11.57s
[deduplication__hybrid__multilingual_e5_small__linear_svm] fold 1/5 fit=8.23s
[deduplication__hybrid__multilingual_e5_small__linear_svm] fold 2/5 fit=8.40s
[deduplication__hybrid__multilingual_e5_small__linear_svm] fold 3/5 fit=8.18s
[deduplication__hybrid__multilingual_e5_small__linear_svm] fold 4/5 fit=8.42s
[deduplication__hybrid__multilingual_e5_small__linear_svm] fold 5/5 fit=8.05s
[deduplication__hybrid__multilingual_e5_small__mlp] fold 1/5 fit=53.58s
[deduplication__hybrid__multilingual_e5_small__mlp] fold 2/5 fit=55.68s
[deduplication__hybrid__multilingual_e5_small__mlp] fold 3/5 fit=49.71s
[deduplication__hybrid__multilingual_e5_small__mlp] fold 4/5 fit=46.61s
[deduplication__hybrid__multilingual_e5_small__mlp] fold 5/5 fit=44.84s
[deduplication__hybrid__multilingual_e5_small__xgboost] fold 1/5 fit=45.34s
[deduplication__hybrid__multilingual_e5_small__xgboost] fold 2/5 fit=36.11s
[deduplication__hybrid__multilingual_e5_small__xgboost] fold 3/5 fit=37.52s
[deduplication__hybrid__multilingual_e5_small__xgboost] fold 4/5 fit=39.67s
[deduplication__hybrid__multilingual_e5_small__xgboost] fold 5/5 fit=38.72s
[classification__hybrid__multilingual_minilm_l12__logistic_regression] fold 1/5 fit=3.88s
[classification__hybrid__multilingual_minilm_l12__logistic_regression] fold 2/5 fit=3.84s
[classification__hybrid__multilingual_minilm_l12__logistic_regression] fold 3/5 fit=3.69s
[classification__hybrid__multilingual_minilm_l12__logistic_regression] fold 4/5 fit=3.76s
[classification__hybrid__multilingual_minilm_l12__logistic_regression] fold 5/5 fit=3.86s
[classification__hybrid__multilingual_minilm_l12__decision_tree] fold 1/5 fit=5.17s
[classification__hybrid__multilingual_minilm_l12__decision_tree] fold 2/5 fit=5.38s
[classification__hybrid__multilingual_minilm_l12__decision_tree] fold 3/5 fit=4.83s
[classification__hybrid__multilingual_minilm_l12__decision_tree] fold 4/5 fit=5.08s
[classification__hybrid__multilingual_minilm_l12__decision_tree] fold 5/5 fit=5.03s
[classification__hybrid__multilingual_minilm_l12__linear_svm] fold 1/5 fit=3.67s
[classification__hybrid__multilingual_minilm_l12__linear_svm] fold 2/5 fit=3.80s
[classification__hybrid__multilingual_minilm_l12__linear_svm] fold 3/5 fit=3.66s
[classification__hybrid__multilingual_minilm_l12__linear_svm] fold 4/5 fit=3.57s
[classification__hybrid__multilingual_minilm_l12__linear_svm] fold 5/5 fit=3.65s
[classification__hybrid__multilingual_minilm_l12__mlp] fold 1/5 fit=47.38s
[classification__hybrid__multilingual_minilm_l12__mlp] fold 2/5 fit=57.92s
[classification__hybrid__multilingual_minilm_l12__mlp] fold 3/5 fit=52.97s
[classification__hybrid__multilingual_minilm_l12__mlp] fold 4/5 fit=45.79s
[classification__hybrid__multilingual_minilm_l12__mlp] fold 5/5 fit=43.61s
[classification__hybrid__multilingual_minilm_l12__xgboost] fold 1/5 fit=96.20s
[classification__hybrid__multilingual_minilm_l12__xgboost] fold 2/5 fit=97.87s
[classification__hybrid__multilingual_minilm_l12__xgboost] fold 3/5 fit=82.19s
[classification__hybrid__multilingual_minilm_l12__xgboost] fold 4/5 fit=79.64s
[classification__hybrid__multilingual_minilm_l12__xgboost] fold 5/5 fit=89.56s
[deduplication__hybrid__multilingual_minilm_l12__logistic_regression] fold 1/5 fit=7.68s
[deduplication__hybrid__multilingual_minilm_l12__logistic_regression] fold 2/5 fit=7.64s
[deduplication__hybrid__multilingual_minilm_l12__logistic_regression] fold 3/5 fit=7.22s
[deduplication__hybrid__multilingual_minilm_l12__logistic_regression] fold 4/5 fit=7.46s
[deduplication__hybrid__multilingual_minilm_l12__logistic_regression] fold 5/5 fit=7.41s
[deduplication__hybrid__multilingual_minilm_l12__decision_tree] fold 1/5 fit=11.31s
[deduplication__hybrid__multilingual_minilm_l12__decision_tree] fold 2/5 fit=11.82s
[deduplication__hybrid__multilingual_minilm_l12__decision_tree] fold 3/5 fit=10.71s
[deduplication__hybrid__multilingual_minilm_l12__decision_tree] fold 4/5 fit=11.29s
[deduplication__hybrid__multilingual_minilm_l12__decision_tree] fold 5/5 fit=11.60s
[deduplication__hybrid__multilingual_minilm_l12__linear_svm] fold 1/5 fit=8.15s
[deduplication__hybrid__multilingual_minilm_l12__linear_svm] fold 2/5 fit=8.39s
[deduplication__hybrid__multilingual_minilm_l12__linear_svm] fold 3/5 fit=8.31s
[deduplication__hybrid__multilingual_minilm_l12__linear_svm] fold 4/5 fit=8.42s
[deduplication__hybrid__multilingual_minilm_l12__linear_svm] fold 5/5 fit=7.99s
[deduplication__hybrid__multilingual_minilm_l12__mlp] fold 1/5 fit=52.85s
[deduplication__hybrid__multilingual_minilm_l12__mlp] fold 2/5 fit=54.04s
[deduplication__hybrid__multilingual_minilm_l12__mlp] fold 3/5 fit=44.92s
[deduplication__hybrid__multilingual_minilm_l12__mlp] fold 4/5 fit=45.06s
[deduplication__hybrid__multilingual_minilm_l12__mlp] fold 5/5 fit=43.76s
[deduplication__hybrid__multilingual_minilm_l12__xgboost] fold 1/5 fit=38.66s
[deduplication__hybrid__multilingual_minilm_l12__xgboost] fold 2/5 fit=36.95s
[deduplication__hybrid__multilingual_minilm_l12__xgboost] fold 3/5 fit=37.46s
[deduplication__hybrid__multilingual_minilm_l12__xgboost] fold 4/5 fit=40.55s
[deduplication__hybrid__multilingual_minilm_l12__xgboost] fold 5/5 fit=39.65s
[deduplication__metadata__none__logistic_regression] fold 1/5 fit=0.14s
[deduplication__metadata__none__logistic_regression] fold 2/5 fit=0.13s
[deduplication__metadata__none__logistic_regression] fold 3/5 fit=0.13s
[deduplication__metadata__none__logistic_regression] fold 4/5 fit=0.13s
[deduplication__metadata__none__logistic_regression] fold 5/5 fit=0.13s
[deduplication__metadata__none__decision_tree] fold 1/5 fit=0.18s
[deduplication__metadata__none__decision_tree] fold 2/5 fit=0.29s
[deduplication__metadata__none__decision_tree] fold 3/5 fit=0.19s
[deduplication__metadata__none__decision_tree] fold 4/5 fit=0.18s
[deduplication__metadata__none__decision_tree] fold 5/5 fit=0.17s
[deduplication__metadata__none__linear_svm] fold 1/5 fit=0.13s
[deduplication__metadata__none__linear_svm] fold 2/5 fit=0.13s
[deduplication__metadata__none__linear_svm] fold 3/5 fit=0.13s
[deduplication__metadata__none__linear_svm] fold 4/5 fit=0.14s
[deduplication__metadata__none__linear_svm] fold 5/5 fit=0.17s
[deduplication__metadata__none__mlp] fold 1/5 fit=15.59s
[deduplication__metadata__none__mlp] fold 2/5 fit=12.63s
[deduplication__metadata__none__mlp] fold 3/5 fit=13.47s
[deduplication__metadata__none__mlp] fold 4/5 fit=13.62s
[deduplication__metadata__none__mlp] fold 5/5 fit=16.11s
[deduplication__metadata__none__xgboost] fold 1/5 fit=3.09s
[deduplication__metadata__none__xgboost] fold 2/5 fit=3.03s
[deduplication__metadata__none__xgboost] fold 3/5 fit=3.07s
[deduplication__metadata__none__xgboost] fold 4/5 fit=2.84s
[deduplication__metadata__none__xgboost] fold 5/5 fit=2.88s
[deduplication__hybrid_metadata__granite97m__logistic_regression] fold 1/5 fit=7.93s
[deduplication__hybrid_metadata__granite97m__logistic_regression] fold 2/5 fit=7.80s
[deduplication__hybrid_metadata__granite97m__logistic_regression] fold 3/5 fit=7.54s
[deduplication__hybrid_metadata__granite97m__logistic_regression] fold 4/5 fit=7.59s
[deduplication__hybrid_metadata__granite97m__logistic_regression] fold 5/5 fit=7.53s
[deduplication__hybrid_metadata__granite97m__decision_tree] fold 1/5 fit=12.63s
[deduplication__hybrid_metadata__granite97m__decision_tree] fold 2/5 fit=11.94s
[deduplication__hybrid_metadata__granite97m__decision_tree] fold 3/5 fit=11.47s
[deduplication__hybrid_metadata__granite97m__decision_tree] fold 4/5 fit=12.05s
[deduplication__hybrid_metadata__granite97m__decision_tree] fold 5/5 fit=11.47s
[deduplication__hybrid_metadata__granite97m__linear_svm] fold 1/5 fit=8.91s
[deduplication__hybrid_metadata__granite97m__linear_svm] fold 2/5 fit=8.83s
[deduplication__hybrid_metadata__granite97m__linear_svm] fold 3/5 fit=8.76s
[deduplication__hybrid_metadata__granite97m__linear_svm] fold 4/5 fit=9.69s
[deduplication__hybrid_metadata__granite97m__linear_svm] fold 5/5 fit=8.81s
[deduplication__hybrid_metadata__granite97m__mlp] fold 1/5 fit=45.76s
[deduplication__hybrid_metadata__granite97m__mlp] fold 2/5 fit=45.59s
[deduplication__hybrid_metadata__granite97m__mlp] fold 3/5 fit=45.79s
[deduplication__hybrid_metadata__granite97m__mlp] fold 4/5 fit=45.56s
[deduplication__hybrid_metadata__granite97m__mlp] fold 5/5 fit=46.63s
[deduplication__hybrid_metadata__granite97m__xgboost] fold 1/5 fit=37.30s
[deduplication__hybrid_metadata__granite97m__xgboost] fold 2/5 fit=39.60s
[deduplication__hybrid_metadata__granite97m__xgboost] fold 3/5 fit=38.13s
[deduplication__hybrid_metadata__granite97m__xgboost] fold 4/5 fit=40.04s
[deduplication__hybrid_metadata__granite97m__xgboost] fold 5/5 fit=37.68s
[deduplication__hybrid_metadata__multilingual_e5_small__logistic_regression] fold 1/5 fit=7.91s
[deduplication__hybrid_metadata__multilingual_e5_small__logistic_regression] fold 2/5 fit=8.15s
[deduplication__hybrid_metadata__multilingual_e5_small__logistic_regression] fold 3/5 fit=7.79s
[deduplication__hybrid_metadata__multilingual_e5_small__logistic_regression] fold 4/5 fit=7.77s
[deduplication__hybrid_metadata__multilingual_e5_small__logistic_regression] fold 5/5 fit=9.42s
[deduplication__hybrid_metadata__multilingual_e5_small__decision_tree] fold 1/5 fit=12.23s
[deduplication__hybrid_metadata__multilingual_e5_small__decision_tree] fold 2/5 fit=11.35s
[deduplication__hybrid_metadata__multilingual_e5_small__decision_tree] fold 3/5 fit=11.13s
[deduplication__hybrid_metadata__multilingual_e5_small__decision_tree] fold 4/5 fit=11.46s
[deduplication__hybrid_metadata__multilingual_e5_small__decision_tree] fold 5/5 fit=11.59s
[deduplication__hybrid_metadata__multilingual_e5_small__linear_svm] fold 1/5 fit=9.09s
[deduplication__hybrid_metadata__multilingual_e5_small__linear_svm] fold 2/5 fit=8.99s
[deduplication__hybrid_metadata__multilingual_e5_small__linear_svm] fold 3/5 fit=8.73s
[deduplication__hybrid_metadata__multilingual_e5_small__linear_svm] fold 4/5 fit=9.41s
[deduplication__hybrid_metadata__multilingual_e5_small__linear_svm] fold 5/5 fit=8.68s
[deduplication__hybrid_metadata__multilingual_e5_small__mlp] fold 1/5 fit=46.47s
[deduplication__hybrid_metadata__multilingual_e5_small__mlp] fold 2/5 fit=45.07s
[deduplication__hybrid_metadata__multilingual_e5_small__mlp] fold 3/5 fit=46.66s
[deduplication__hybrid_metadata__multilingual_e5_small__mlp] fold 4/5 fit=45.16s
[deduplication__hybrid_metadata__multilingual_e5_small__mlp] fold 5/5 fit=46.68s
[deduplication__hybrid_metadata__multilingual_e5_small__xgboost] fold 1/5 fit=36.51s
[deduplication__hybrid_metadata__multilingual_e5_small__xgboost] fold 2/5 fit=37.84s
[deduplication__hybrid_metadata__multilingual_e5_small__xgboost] fold 3/5 fit=37.72s
[deduplication__hybrid_metadata__multilingual_e5_small__xgboost] fold 4/5 fit=41.53s
[deduplication__hybrid_metadata__multilingual_e5_small__xgboost] fold 5/5 fit=37.40s
[deduplication__hybrid_metadata__multilingual_minilm_l12__logistic_regression] fold 1/5 fit=7.60s
[deduplication__hybrid_metadata__multilingual_minilm_l12__logistic_regression] fold 2/5 fit=7.83s
[deduplication__hybrid_metadata__multilingual_minilm_l12__logistic_regression] fold 3/5 fit=7.44s
[deduplication__hybrid_metadata__multilingual_minilm_l12__logistic_regression] fold 4/5 fit=7.79s
[deduplication__hybrid_metadata__multilingual_minilm_l12__logistic_regression] fold 5/5 fit=7.58s
[deduplication__hybrid_metadata__multilingual_minilm_l12__decision_tree] fold 1/5 fit=11.42s
[deduplication__hybrid_metadata__multilingual_minilm_l12__decision_tree] fold 2/5 fit=11.46s
[deduplication__hybrid_metadata__multilingual_minilm_l12__decision_tree] fold 3/5 fit=10.83s
[deduplication__hybrid_metadata__multilingual_minilm_l12__decision_tree] fold 4/5 fit=11.08s
[deduplication__hybrid_metadata__multilingual_minilm_l12__decision_tree] fold 5/5 fit=11.51s
[deduplication__hybrid_metadata__multilingual_minilm_l12__linear_svm] fold 1/5 fit=8.77s
[deduplication__hybrid_metadata__multilingual_minilm_l12__linear_svm] fold 2/5 fit=8.60s
[deduplication__hybrid_metadata__multilingual_minilm_l12__linear_svm] fold 3/5 fit=8.99s
[deduplication__hybrid_metadata__multilingual_minilm_l12__linear_svm] fold 4/5 fit=9.11s
[deduplication__hybrid_metadata__multilingual_minilm_l12__linear_svm] fold 5/5 fit=8.60s
[deduplication__hybrid_metadata__multilingual_minilm_l12__mlp] fold 1/5 fit=45.10s
[deduplication__hybrid_metadata__multilingual_minilm_l12__mlp] fold 2/5 fit=46.02s
[deduplication__hybrid_metadata__multilingual_minilm_l12__mlp] fold 3/5 fit=45.67s
[deduplication__hybrid_metadata__multilingual_minilm_l12__mlp] fold 4/5 fit=44.81s
[deduplication__hybrid_metadata__multilingual_minilm_l12__mlp] fold 5/5 fit=45.63s
[deduplication__hybrid_metadata__multilingual_minilm_l12__xgboost] fold 1/5 fit=43.01s
[deduplication__hybrid_metadata__multilingual_minilm_l12__xgboost] fold 2/5 fit=37.69s
[deduplication__hybrid_metadata__multilingual_minilm_l12__xgboost] fold 3/5 fit=37.39s
[deduplication__hybrid_metadata__multilingual_minilm_l12__xgboost] fold 4/5 fit=40.01s
[deduplication__hybrid_metadata__multilingual_minilm_l12__xgboost] fold 5/5 fit=37.47s
Seleção concluída em C:\Users\Cayo\Documents\projeto-ic\avaliacao\resultados\selecao-supervisionada-v1.3-20260812
