[embedding] granite97m
[classification__tfidf__none__logistic_regression] fold 1/5 fit=6.97s
[classification__tfidf__none__logistic_regression] fold 2/5 fit=6.23s
[classification__tfidf__none__logistic_regression] fold 3/5 fit=5.68s
[classification__tfidf__none__logistic_regression] fold 4/5 fit=5.78s
[classification__tfidf__none__logistic_regression] fold 5/5 fit=6.35s
[deduplication__tfidf__none__logistic_regression] fold 1/5 fit=14.59s
[deduplication__tfidf__none__logistic_regression] fold 2/5 fit=14.93s
[deduplication__tfidf__none__logistic_regression] fold 3/5 fit=12.56s
[deduplication__tfidf__none__logistic_regression] fold 4/5 fit=16.28s
[deduplication__tfidf__none__logistic_regression] fold 5/5 fit=21.20s
[classification__embedding__granite97m__logistic_regression] fold 1/5 fit=2.48s
[classification__embedding__granite97m__logistic_regression] fold 2/5 fit=1.39s
[classification__embedding__granite97m__logistic_regression] fold 3/5 fit=1.85s
[classification__embedding__granite97m__logistic_regression] fold 4/5 fit=1.85s
[classification__embedding__granite97m__logistic_regression] fold 5/5 fit=1.21s
[deduplication__embedding__granite97m__logistic_regression] fold 1/5 fit=0.94s
[deduplication__embedding__granite97m__logistic_regression] fold 2/5 fit=0.83s
[deduplication__embedding__granite97m__logistic_regression] fold 3/5 fit=0.84s
[deduplication__embedding__granite97m__logistic_regression] fold 4/5 fit=0.87s
[deduplication__embedding__granite97m__logistic_regression] fold 5/5 fit=0.77s
[classification__hybrid__granite97m__logistic_regression] fold 1/5 fit=8.67s
[classification__hybrid__granite97m__logistic_regression] fold 2/5 fit=10.13s
[classification__hybrid__granite97m__logistic_regression] fold 3/5 fit=6.91s
[classification__hybrid__granite97m__logistic_regression] fold 4/5 fit=7.43s
[classification__hybrid__granite97m__logistic_regression] fold 5/5 fit=7.37s
[deduplication__hybrid__granite97m__logistic_regression] fold 1/5 fit=15.95s
[deduplication__hybrid__granite97m__logistic_regression] fold 2/5 fit=13.02s
[deduplication__hybrid__granite97m__logistic_regression] fold 3/5 fit=13.42s
[deduplication__hybrid__granite97m__logistic_regression] fold 4/5 fit=13.36s
[deduplication__hybrid__granite97m__logistic_regression] fold 5/5 fit=14.92s
Seleção concluída em C:\Users\Cayo\Documents\projeto-ic\avaliacao\resultados\selecao-supervisionada-v1-20260804
