[embedding] granite97m
[classification__tfidf__none__logistic_regression] fold 1/5 fit=6.86s
[classification__tfidf__none__logistic_regression] fold 2/5 fit=5.14s
[classification__tfidf__none__logistic_regression] fold 3/5 fit=4.95s
[classification__tfidf__none__logistic_regression] fold 4/5 fit=4.44s
[classification__tfidf__none__logistic_regression] fold 5/5 fit=4.40s
[deduplication__tfidf__none__logistic_regression] fold 1/5 fit=11.59s
[deduplication__tfidf__none__logistic_regression] fold 2/5 fit=11.28s
[deduplication__tfidf__none__logistic_regression] fold 3/5 fit=10.15s
[deduplication__tfidf__none__logistic_regression] fold 4/5 fit=13.42s
[deduplication__tfidf__none__logistic_regression] fold 5/5 fit=13.06s
[classification__embedding__granite97m__logistic_regression] fold 1/5 fit=0.83s
[classification__embedding__granite97m__logistic_regression] fold 2/5 fit=0.64s
[classification__embedding__granite97m__logistic_regression] fold 3/5 fit=0.71s
[classification__embedding__granite97m__logistic_regression] fold 4/5 fit=0.80s
[classification__embedding__granite97m__logistic_regression] fold 5/5 fit=0.80s
[deduplication__embedding__granite97m__logistic_regression] fold 1/5 fit=0.76s
[deduplication__embedding__granite97m__logistic_regression] fold 2/5 fit=0.75s
[deduplication__embedding__granite97m__logistic_regression] fold 3/5 fit=0.82s
[deduplication__embedding__granite97m__logistic_regression] fold 4/5 fit=0.83s
[deduplication__embedding__granite97m__logistic_regression] fold 5/5 fit=0.68s
[classification__hybrid__granite97m__logistic_regression] fold 1/5 fit=6.68s
[classification__hybrid__granite97m__logistic_regression] fold 2/5 fit=5.40s
