[2026-03-04 09:24:38] glpi.WARNING:   *** Test logger
[2026-03-04 14:36:10] glpi.WARNING:   *** User Warning: Unable to extract nonce from string. It may not have been crypted with sodium functions. at GLPIKey.php line 490
  Backtrace :
  ./src/GLPIKey.php:490                              
  ./src/Glpi/Api/API.php:244                         GLPIKey->decrypt()
  :                                                  Glpi\Api\API::Glpi\Api\{closure}()
  ./src/Glpi/Api/API.php:239                         array_map()
  ./src/Glpi/Api/APIRest.php:159                     Glpi\Api\API->initApi()
  ./src/Glpi/Controller/ApiRestController.php:59     Glpi\Api\APIRest->call()
  ./vendor/symfony/http-kernel/HttpKernel.php:101    Glpi\Controller\ApiRestController->Glpi\Controller\{closure}()
  ...ymfony/http-foundation/StreamedResponse.php:106 Symfony\Component\HttpKernel\HttpKernel::Symfony\Component\HttpKernel\{closure}()
  ./vendor/symfony/http-foundation/Response.php:423  Symfony\Component\HttpFoundation\StreamedResponse->sendContent()
  ./src/Glpi/Kernel/Kernel.php:295                   Symfony\Component\HttpFoundation\Response->send()
  ./public/index.php:73                              Glpi\Kernel\Kernel->sendResponse()

[2026-03-04 14:37:02] glpi.WARNING:   *** User Warning: Unable to decrypt string. It may have been crypted with another key. at GLPIKey.php line 508
  Backtrace :
  ./src/GLPIKey.php:508                              
  ./src/Glpi/Api/API.php:244                         GLPIKey->decrypt()
  :                                                  Glpi\Api\API::Glpi\Api\{closure}()
  ./src/Glpi/Api/API.php:239                         array_map()
  ./src/Glpi/Api/APIRest.php:159                     Glpi\Api\API->initApi()
  ./src/Glpi/Controller/ApiRestController.php:59     Glpi\Api\APIRest->call()
  ./vendor/symfony/http-kernel/HttpKernel.php:101    Glpi\Controller\ApiRestController->Glpi\Controller\{closure}()
  ...ymfony/http-foundation/StreamedResponse.php:106 Symfony\Component\HttpKernel\HttpKernel::Symfony\Component\HttpKernel\{closure}()
  ./vendor/symfony/http-foundation/Response.php:423  Symfony\Component\HttpFoundation\StreamedResponse->sendContent()
  ./src/Glpi/Kernel/Kernel.php:295                   Symfony\Component\HttpFoundation\Response->send()
  ./public/index.php:73                              Glpi\Kernel\Kernel->sendResponse()

[2026-03-09 14:15:38] glpi.WARNING:   *** Test logger
[2026-03-11 12:51:05] glpi.WARNING:   *** Test logger
[2026-03-11 12:51:41] glpi.WARNING:   *** Test logger
[2026-03-11 12:53:36] glpi.WARNING:   *** Test logger
[2026-03-11 12:53:40] glpi.WARNING:   *** Test logger
[2026-03-11 12:53:44] glpi.WARNING:   *** Test logger
[2026-03-26 00:10:28] glpi.CRITICAL:   *** Uncaught PHP Exception Glpi\Exception\Http\HttpException: "" at CheckDatabaseStatusListener.php line 101
  Backtrace :
  ...estListener/CheckDatabaseStatusListener.php:101 
  ...ymfony/event-dispatcher/EventDispatcher.php:260 Glpi\Kernel\Listener\RequestListener\CheckDatabaseStatusListener->onKernelRequest()
  ...ymfony/event-dispatcher/EventDispatcher.php:220 Symfony\Component\EventDispatcher\EventDispatcher::Symfony\Component\EventDispatcher\{closure}()
  ...symfony/event-dispatcher/EventDispatcher.php:56 Symfony\Component\EventDispatcher\EventDispatcher->callListeners()
  ./vendor/symfony/http-kernel/HttpKernel.php:157    Symfony\Component\EventDispatcher\EventDispatcher->dispatch()
  ./vendor/symfony/http-kernel/HttpKernel.php:76     Symfony\Component\HttpKernel\HttpKernel->handleRaw()
  ./vendor/symfony/http-kernel/Kernel.php:208        Symfony\Component\HttpKernel\HttpKernel->handle()
  ./public/index.php:71                              Symfony\Component\HttpKernel\Kernel->handle()

[2026-03-26 00:20:26] glpi.CRITICAL:   *** Uncaught PHP Exception Glpi\Exception\Http\HttpException: "" at CheckDatabaseStatusListener.php line 101
  Backtrace :
  ...estListener/CheckDatabaseStatusListener.php:101 
  ...ymfony/event-dispatcher/EventDispatcher.php:260 Glpi\Kernel\Listener\RequestListener\CheckDatabaseStatusListener->onKernelRequest()
  ...ymfony/event-dispatcher/EventDispatcher.php:220 Symfony\Component\EventDispatcher\EventDispatcher::Symfony\Component\EventDispatcher\{closure}()
  ...symfony/event-dispatcher/EventDispatcher.php:56 Symfony\Component\EventDispatcher\EventDispatcher->callListeners()
  ./vendor/symfony/http-kernel/HttpKernel.php:157    Symfony\Component\EventDispatcher\EventDispatcher->dispatch()
  ./vendor/symfony/http-kernel/HttpKernel.php:76     Symfony\Component\HttpKernel\HttpKernel->handleRaw()
  ./vendor/symfony/http-kernel/Kernel.php:208        Symfony\Component\HttpKernel\HttpKernel->handle()
  ./public/index.php:71                              Symfony\Component\HttpKernel\Kernel->handle()

[2026-03-26 00:30:30] glpi.CRITICAL:   *** Uncaught PHP Exception Glpi\Exception\Http\HttpException: "" at CheckDatabaseStatusListener.php line 101
  Backtrace :
  ...estListener/CheckDatabaseStatusListener.php:101 
  ...ymfony/event-dispatcher/EventDispatcher.php:260 Glpi\Kernel\Listener\RequestListener\CheckDatabaseStatusListener->onKernelRequest()
  ...ymfony/event-dispatcher/EventDispatcher.php:220 Symfony\Component\EventDispatcher\EventDispatcher::Symfony\Component\EventDispatcher\{closure}()
  ...symfony/event-dispatcher/EventDispatcher.php:56 Symfony\Component\EventDispatcher\EventDispatcher->callListeners()
  ./vendor/symfony/http-kernel/HttpKernel.php:157    Symfony\Component\EventDispatcher\EventDispatcher->dispatch()
  ./vendor/symfony/http-kernel/HttpKernel.php:76     Symfony\Component\HttpKernel\HttpKernel->handleRaw()
  ./vendor/symfony/http-kernel/Kernel.php:208        Symfony\Component\HttpKernel\HttpKernel->handle()
  ./public/index.php:71                              Symfony\Component\HttpKernel\Kernel->handle()

[2026-03-26 00:50:37] glpi.CRITICAL:   *** Uncaught PHP Exception Glpi\Exception\Http\HttpException: "" at CheckDatabaseStatusListener.php line 101
  Backtrace :
  ...estListener/CheckDatabaseStatusListener.php:101 
  ...ymfony/event-dispatcher/EventDispatcher.php:260 Glpi\Kernel\Listener\RequestListener\CheckDatabaseStatusListener->onKernelRequest()
  ...ymfony/event-dispatcher/EventDispatcher.php:220 Symfony\Component\EventDispatcher\EventDispatcher::Symfony\Component\EventDispatcher\{closure}()
  ...symfony/event-dispatcher/EventDispatcher.php:56 Symfony\Component\EventDispatcher\EventDispatcher->callListeners()
  ./vendor/symfony/http-kernel/HttpKernel.php:157    Symfony\Component\EventDispatcher\EventDispatcher->dispatch()
  ./vendor/symfony/http-kernel/HttpKernel.php:76     Symfony\Component\HttpKernel\HttpKernel->handleRaw()
  ./vendor/symfony/http-kernel/Kernel.php:208        Symfony\Component\HttpKernel\HttpKernel->handle()
  ./public/index.php:71                              Symfony\Component\HttpKernel\Kernel->handle()

[2026-03-26 07:27:36] glpi.CRITICAL:   *** Uncaught PHP Exception Twig\Error\RuntimeError: "An exception has been thrown during the rendering of a template ("Glpi\Application\View\Extension\ItemtypeExtension::getItemtypeForeignKey(): Argument #1 ($itemtype) must be of type object|string, null given, called in ./files/_cache/11.0.6-15c577a4-production/templates/26/26d4d11b732265e330e92f57d42b7057.php on line 144") in "components/form/link_existing_or_new.html.twig" at line 81." at link_existing_or_new.html.twig line 81
  Backtrace :
  ...mponents/form/link_existing_or_new.html.twig:81 
  ./vendor/twig/twig/src/Template.php:358            Twig\Template->yield()
  ./vendor/twig/twig/src/Template.php:373            Twig\Template->display()
  ./vendor/twig/twig/src/TemplateWrapper.php:51      Twig\Template->render()
  .../Glpi/Application/View/TemplateRenderer.php:170 Twig\TemplateWrapper->render()
  ./src/ProjectTask_Ticket.php:291                   Glpi\Application\View\TemplateRenderer->render()
  ./src/ProjectTask_Ticket.php:113                   ProjectTask_Ticket::showForTicket()
  ./src/CommonGLPI.php:738                           ProjectTask_Ticket::displayTabContentForItem()
  ./ajax/common.tabs.php:108                         CommonGLPI::displayStandardTab()
  ...Glpi/Controller/LegacyFileLoadController.php:64 require()
  ./vendor/symfony/http-kernel/HttpKernel.php:181    Glpi\Controller\LegacyFileLoadController->__invoke()
  ./vendor/symfony/http-kernel/HttpKernel.php:76     Symfony\Component\HttpKernel\HttpKernel->handleRaw()
  ./vendor/symfony/http-kernel/Kernel.php:208        Symfony\Component\HttpKernel\HttpKernel->handle()
  ./public/index.php:71                              Symfony\Component\HttpKernel\Kernel->handle()
  Previous: Glpi\Application\View\Extension\ItemtypeExtension::getItemtypeForeignKey(): Argument #1 ($itemtype) must be of type object|string, null given, called in ./files/_cache/11.0.6-15c577a4-production/templates/26/26d4d11b732265e330e92f57d42b7057.php on line 144
  ...cation/View/Extension/ItemtypeExtension.php:251 
  ...tes/26/26d4d11b732265e330e92f57d42b7057.php:144 Glpi\Application\View\Extension\ItemtypeExtension->getItemtypeForeignKey()
  ./vendor/twig/twig/src/Template.php:402            __TwigTemplate_b7e92321eb2cbcac9d3a048a0d984bae->doDisplay()
  ./vendor/twig/twig/src/Template.php:358            Twig\Template->yield()
  ./vendor/twig/twig/src/Template.php:373            Twig\Template->display()
  ./vendor/twig/twig/src/TemplateWrapper.php:51      Twig\Template->render()
  .../Glpi/Application/View/TemplateRenderer.php:170 Twig\TemplateWrapper->render()
  ./src/ProjectTask_Ticket.php:291                   Glpi\Application\View\TemplateRenderer->render()
  ./src/ProjectTask_Ticket.php:113                   ProjectTask_Ticket::showForTicket()
  ./src/CommonGLPI.php:738                           ProjectTask_Ticket::displayTabContentForItem()
  ./ajax/common.tabs.php:108                         CommonGLPI::displayStandardTab()
  ...Glpi/Controller/LegacyFileLoadController.php:64 require()
  ./vendor/symfony/http-kernel/HttpKernel.php:181    Glpi\Controller\LegacyFileLoadController->__invoke()
  ./vendor/symfony/http-kernel/HttpKernel.php:76     Symfony\Component\HttpKernel\HttpKernel->handleRaw()
  ./vendor/symfony/http-kernel/Kernel.php:208        Symfony\Component\HttpKernel\HttpKernel->handle()
  ./public/index.php:71                              Symfony\Component\HttpKernel\Kernel->handle()

[2026-03-26 07:28:29] glpi.CRITICAL:   *** Uncaught PHP Exception Twig\Error\RuntimeError: "An exception has been thrown during the rendering of a template ("Glpi\Application\View\Extension\ItemtypeExtension::getItemtypeForeignKey(): Argument #1 ($itemtype) must be of type object|string, null given, called in ./files/_cache/11.0.6-15c577a4-production/templates/26/26d4d11b732265e330e92f57d42b7057.php on line 144") in "components/form/link_existing_or_new.html.twig" at line 81." at link_existing_or_new.html.twig line 81
  Backtrace :
  ...mponents/form/link_existing_or_new.html.twig:81 
  ./vendor/twig/twig/src/Template.php:358            Twig\Template->yield()
  ./vendor/twig/twig/src/Template.php:373            Twig\Template->display()
  ./vendor/twig/twig/src/TemplateWrapper.php:51      Twig\Template->render()
  .../Glpi/Application/View/TemplateRenderer.php:170 Twig\TemplateWrapper->render()
  ./src/ProjectTask_Ticket.php:291                   Glpi\Application\View\TemplateRenderer->render()
  ./src/ProjectTask_Ticket.php:113                   ProjectTask_Ticket::showForTicket()
  ./src/CommonGLPI.php:738                           ProjectTask_Ticket::displayTabContentForItem()
  ./ajax/common.tabs.php:108                         CommonGLPI::displayStandardTab()
  ...Glpi/Controller/LegacyFileLoadController.php:64 require()
  ./vendor/symfony/http-kernel/HttpKernel.php:181    Glpi\Controller\LegacyFileLoadController->__invoke()
  ./vendor/symfony/http-kernel/HttpKernel.php:76     Symfony\Component\HttpKernel\HttpKernel->handleRaw()
  ./vendor/symfony/http-kernel/Kernel.php:208        Symfony\Component\HttpKernel\HttpKernel->handle()
  ./public/index.php:71                              Symfony\Component\HttpKernel\Kernel->handle()
  Previous: Glpi\Application\View\Extension\ItemtypeExtension::getItemtypeForeignKey(): Argument #1 ($itemtype) must be of type object|string, null given, called in ./files/_cache/11.0.6-15c577a4-production/templates/26/26d4d11b732265e330e92f57d42b7057.php on line 144
  ...cation/View/Extension/ItemtypeExtension.php:251 
  ...tes/26/26d4d11b732265e330e92f57d42b7057.php:144 Glpi\Application\View\Extension\ItemtypeExtension->getItemtypeForeignKey()
  ./vendor/twig/twig/src/Template.php:402            __TwigTemplate_b7e92321eb2cbcac9d3a048a0d984bae->doDisplay()
  ./vendor/twig/twig/src/Template.php:358            Twig\Template->yield()
  ./vendor/twig/twig/src/Template.php:373            Twig\Template->display()
  ./vendor/twig/twig/src/TemplateWrapper.php:51      Twig\Template->render()
  .../Glpi/Application/View/TemplateRenderer.php:170 Twig\TemplateWrapper->render()
  ./src/ProjectTask_Ticket.php:291                   Glpi\Application\View\TemplateRenderer->render()
  ./src/ProjectTask_Ticket.php:113                   ProjectTask_Ticket::showForTicket()
  ./src/CommonGLPI.php:738                           ProjectTask_Ticket::displayTabContentForItem()
  ./ajax/common.tabs.php:108                         CommonGLPI::displayStandardTab()
  ...Glpi/Controller/LegacyFileLoadController.php:64 require()
  ./vendor/symfony/http-kernel/HttpKernel.php:181    Glpi\Controller\LegacyFileLoadController->__invoke()
  ./vendor/symfony/http-kernel/HttpKernel.php:76     Symfony\Component\HttpKernel\HttpKernel->handleRaw()
  ./vendor/symfony/http-kernel/Kernel.php:208        Symfony\Component\HttpKernel\HttpKernel->handle()
  ./public/index.php:71                              Symfony\Component\HttpKernel\Kernel->handle()

[2026-03-26 07:49:33] glpi.CRITICAL:   *** Uncaught PHP Exception Twig\Error\RuntimeError: "An exception has been thrown during the rendering of a template ("Glpi\Application\View\Extension\ItemtypeExtension::getItemtypeForeignKey(): Argument #1 ($itemtype) must be of type object|string, null given, called in ./files/_cache/11.0.6-15c577a4-production/templates/26/26d4d11b732265e330e92f57d42b7057.php on line 144") in "components/form/link_existing_or_new.html.twig" at line 81." at link_existing_or_new.html.twig line 81
  Backtrace :
  ...mponents/form/link_existing_or_new.html.twig:81 
  ./vendor/twig/twig/src/Template.php:358            Twig\Template->yield()
  ./vendor/twig/twig/src/Template.php:373            Twig\Template->display()
  ./vendor/twig/twig/src/TemplateWrapper.php:51      Twig\Template->render()
  .../Glpi/Application/View/TemplateRenderer.php:170 Twig\TemplateWrapper->render()
  ./src/ProjectTask_Ticket.php:291                   Glpi\Application\View\TemplateRenderer->render()
  ./src/ProjectTask_Ticket.php:113                   ProjectTask_Ticket::showForTicket()
  ./src/CommonGLPI.php:738                           ProjectTask_Ticket::displayTabContentForItem()
  ./ajax/common.tabs.php:108                         CommonGLPI::displayStandardTab()
  ...Glpi/Controller/LegacyFileLoadController.php:64 require()
  ./vendor/symfony/http-kernel/HttpKernel.php:181    Glpi\Controller\LegacyFileLoadController->__invoke()
  ./vendor/symfony/http-kernel/HttpKernel.php:76     Symfony\Component\HttpKernel\HttpKernel->handleRaw()
  ./vendor/symfony/http-kernel/Kernel.php:208        Symfony\Component\HttpKernel\HttpKernel->handle()
  ./public/index.php:71                              Symfony\Component\HttpKernel\Kernel->handle()
  Previous: Glpi\Application\View\Extension\ItemtypeExtension::getItemtypeForeignKey(): Argument #1 ($itemtype) must be of type object|string, null given, called in ./files/_cache/11.0.6-15c577a4-production/templates/26/26d4d11b732265e330e92f57d42b7057.php on line 144
  ...cation/View/Extension/ItemtypeExtension.php:251 
  ...tes/26/26d4d11b732265e330e92f57d42b7057.php:144 Glpi\Application\View\Extension\ItemtypeExtension->getItemtypeForeignKey()
  ./vendor/twig/twig/src/Template.php:402            __TwigTemplate_b7e92321eb2cbcac9d3a048a0d984bae->doDisplay()
  ./vendor/twig/twig/src/Template.php:358            Twig\Template->yield()
  ./vendor/twig/twig/src/Template.php:373            Twig\Template->display()
  ./vendor/twig/twig/src/TemplateWrapper.php:51      Twig\Template->render()
  .../Glpi/Application/View/TemplateRenderer.php:170 Twig\TemplateWrapper->render()
  ./src/ProjectTask_Ticket.php:291                   Glpi\Application\View\TemplateRenderer->render()
  ./src/ProjectTask_Ticket.php:113                   ProjectTask_Ticket::showForTicket()
  ./src/CommonGLPI.php:738                           ProjectTask_Ticket::displayTabContentForItem()
  ./ajax/common.tabs.php:108                         CommonGLPI::displayStandardTab()
  ...Glpi/Controller/LegacyFileLoadController.php:64 require()
  ./vendor/symfony/http-kernel/HttpKernel.php:181    Glpi\Controller\LegacyFileLoadController->__invoke()
  ./vendor/symfony/http-kernel/HttpKernel.php:76     Symfony\Component\HttpKernel\HttpKernel->handleRaw()
  ./vendor/symfony/http-kernel/Kernel.php:208        Symfony\Component\HttpKernel\HttpKernel->handle()
  ./public/index.php:71                              Symfony\Component\HttpKernel\Kernel->handle()

[2026-03-26 08:42:17] glpi.CRITICAL:   *** Uncaught PHP Exception Twig\Error\RuntimeError: "An exception has been thrown during the rendering of a template ("Glpi\Application\View\Extension\ItemtypeExtension::getItemtypeForeignKey(): Argument #1 ($itemtype) must be of type object|string, null given, called in ./files/_cache/11.0.6-15c577a4-production/templates/26/26d4d11b732265e330e92f57d42b7057.php on line 144") in "components/form/link_existing_or_new.html.twig" at line 81." at link_existing_or_new.html.twig line 81
  Backtrace :
  ...mponents/form/link_existing_or_new.html.twig:81 
  ./vendor/twig/twig/src/Template.php:358            Twig\Template->yield()
  ./vendor/twig/twig/src/Template.php:373            Twig\Template->display()
  ./vendor/twig/twig/src/TemplateWrapper.php:51      Twig\Template->render()
  .../Glpi/Application/View/TemplateRenderer.php:170 Twig\TemplateWrapper->render()
  ./src/ProjectTask_Ticket.php:291                   Glpi\Application\View\TemplateRenderer->render()
  ./src/ProjectTask_Ticket.php:113                   ProjectTask_Ticket::showForTicket()
  ./src/CommonGLPI.php:738                           ProjectTask_Ticket::displayTabContentForItem()
  ./ajax/common.tabs.php:108                         CommonGLPI::displayStandardTab()
  ...Glpi/Controller/LegacyFileLoadController.php:64 require()
  ./vendor/symfony/http-kernel/HttpKernel.php:181    Glpi\Controller\LegacyFileLoadController->__invoke()
  ./vendor/symfony/http-kernel/HttpKernel.php:76     Symfony\Component\HttpKernel\HttpKernel->handleRaw()
  ./vendor/symfony/http-kernel/Kernel.php:208        Symfony\Component\HttpKernel\HttpKernel->handle()
  ./public/index.php:71                              Symfony\Component\HttpKernel\Kernel->handle()
  Previous: Glpi\Application\View\Extension\ItemtypeExtension::getItemtypeForeignKey(): Argument #1 ($itemtype) must be of type object|string, null given, called in ./files/_cache/11.0.6-15c577a4-production/templates/26/26d4d11b732265e330e92f57d42b7057.php on line 144
  ...cation/View/Extension/ItemtypeExtension.php:251 
  ...tes/26/26d4d11b732265e330e92f57d42b7057.php:144 Glpi\Application\View\Extension\ItemtypeExtension->getItemtypeForeignKey()
  ./vendor/twig/twig/src/Template.php:402            __TwigTemplate_b7e92321eb2cbcac9d3a048a0d984bae->doDisplay()
  ./vendor/twig/twig/src/Template.php:358            Twig\Template->yield()
  ./vendor/twig/twig/src/Template.php:373            Twig\Template->display()
  ./vendor/twig/twig/src/TemplateWrapper.php:51      Twig\Template->render()
  .../Glpi/Application/View/TemplateRenderer.php:170 Twig\TemplateWrapper->render()
  ./src/ProjectTask_Ticket.php:291                   Glpi\Application\View\TemplateRenderer->render()
  ./src/ProjectTask_Ticket.php:113                   ProjectTask_Ticket::showForTicket()
  ./src/CommonGLPI.php:738                           ProjectTask_Ticket::displayTabContentForItem()
  ./ajax/common.tabs.php:108                         CommonGLPI::displayStandardTab()
  ...Glpi/Controller/LegacyFileLoadController.php:64 require()
  ./vendor/symfony/http-kernel/HttpKernel.php:181    Glpi\Controller\LegacyFileLoadController->__invoke()
  ./vendor/symfony/http-kernel/HttpKernel.php:76     Symfony\Component\HttpKernel\HttpKernel->handleRaw()
  ./vendor/symfony/http-kernel/Kernel.php:208        Symfony\Component\HttpKernel\HttpKernel->handle()
  ./public/index.php:71                              Symfony\Component\HttpKernel\Kernel->handle()

[2026-05-06 17:05:46] glpi.WARNING:   *** Warning: Attempt to read property "fields" on false at CommonITILObject.php line 2917
  Backtrace :
  ./src/CommonITILObject.php:2917                    
  ./src/Ticket.php:1530                              CommonITILObject->prepareInputForAdd()
  ./src/CommonDBTM.php:1339                          Ticket->prepareInputForAdd()
  ./src/Glpi/Api/API.php:1918                        CommonDBTM->add()
  ./src/Glpi/Api/APIRest.php:344                     Glpi\Api\API->createItems()
  ./src/Glpi/Controller/ApiRestController.php:59     Glpi\Api\APIRest->call()
  ./vendor/symfony/http-kernel/HttpKernel.php:101    Glpi\Controller\ApiRestController->Glpi\Controller\{closure}()
  ...ymfony/http-foundation/StreamedResponse.php:106 Symfony\Component\HttpKernel\HttpKernel::Symfony\Component\HttpKernel\{closure}()
  ./vendor/symfony/http-foundation/Response.php:423  Symfony\Component\HttpFoundation\StreamedResponse->sendContent()
  ./src/Glpi/Kernel/Kernel.php:295                   Symfony\Component\HttpFoundation\Response->send()
  ./public/index.php:73                              Glpi\Kernel\Kernel->sendResponse()

[2026-05-06 17:05:46] glpi.WARNING:   *** Warning: Trying to access array offset on null at CommonITILObject.php line 2917
  Backtrace :
  ./src/CommonITILObject.php:2917                    
  ./src/Ticket.php:1530                              CommonITILObject->prepareInputForAdd()
  ./src/CommonDBTM.php:1339                          Ticket->prepareInputForAdd()
  ./src/Glpi/Api/API.php:1918                        CommonDBTM->add()
  ./src/Glpi/Api/APIRest.php:344                     Glpi\Api\API->createItems()
  ./src/Glpi/Controller/ApiRestController.php:59     Glpi\Api\APIRest->call()
  ./vendor/symfony/http-kernel/HttpKernel.php:101    Glpi\Controller\ApiRestController->Glpi\Controller\{closure}()
  ...ymfony/http-foundation/StreamedResponse.php:106 Symfony\Component\HttpKernel\HttpKernel::Symfony\Component\HttpKernel\{closure}()
  ./vendor/symfony/http-foundation/Response.php:423  Symfony\Component\HttpFoundation\StreamedResponse->sendContent()
  ./src/Glpi/Kernel/Kernel.php:295                   Symfony\Component\HttpFoundation\Response->send()
  ./public/index.php:73                              Glpi\Kernel\Kernel->sendResponse()

[2026-05-06 17:05:46] glpi.WARNING:   *** Warning: Attempt to read property "fields" on false at CommonITILObject.php line 10794
  Backtrace :
  ./src/CommonITILObject.php:10794                   
  ./src/Ticket.php:5582                              CommonITILObject->fillInputForBusinessRules()
  ./src/CommonITILObject.php:11349                   Ticket->fillInputForBusinessRules()
  ./src/Ticket.php:6235                              CommonITILObject->processRules()
  ./src/Ticket.php:1612                              Ticket->processRules()
  ./src/CommonDBTM.php:1339                          Ticket->prepareInputForAdd()
  ./src/Glpi/Api/API.php:1918                        CommonDBTM->add()
  ./src/Glpi/Api/APIRest.php:344                     Glpi\Api\API->createItems()
  ./src/Glpi/Controller/ApiRestController.php:59     Glpi\Api\APIRest->call()
  ./vendor/symfony/http-kernel/HttpKernel.php:101    Glpi\Controller\ApiRestController->Glpi\Controller\{closure}()
  ...ymfony/http-foundation/StreamedResponse.php:106 Symfony\Component\HttpKernel\HttpKernel::Symfony\Component\HttpKernel\{closure}()
  ./vendor/symfony/http-foundation/Response.php:423  Symfony\Component\HttpFoundation\StreamedResponse->sendContent()
  ./src/Glpi/Kernel/Kernel.php:295                   Symfony\Component\HttpFoundation\Response->send()
  ./public/index.php:73                              Glpi\Kernel\Kernel->sendResponse()

[2026-05-06 17:05:46] glpi.WARNING:   *** Warning: Trying to access array offset on null at CommonITILObject.php line 10794
  Backtrace :
  ./src/CommonITILObject.php:10794                   
  ./src/Ticket.php:5582                              CommonITILObject->fillInputForBusinessRules()
  ./src/CommonITILObject.php:11349                   Ticket->fillInputForBusinessRules()
  ./src/Ticket.php:6235                              CommonITILObject->processRules()
  ./src/Ticket.php:1612                              Ticket->processRules()
  ./src/CommonDBTM.php:1339                          Ticket->prepareInputForAdd()
  ./src/Glpi/Api/API.php:1918                        CommonDBTM->add()
  ./src/Glpi/Api/APIRest.php:344                     Glpi\Api\API->createItems()
  ./src/Glpi/Controller/ApiRestController.php:59     Glpi\Api\APIRest->call()
  ./vendor/symfony/http-kernel/HttpKernel.php:101    Glpi\Controller\ApiRestController->Glpi\Controller\{closure}()
  ...ymfony/http-foundation/StreamedResponse.php:106 Symfony\Component\HttpKernel\HttpKernel::Symfony\Component\HttpKernel\{closure}()
  ./vendor/symfony/http-foundation/Response.php:423  Symfony\Component\HttpFoundation\StreamedResponse->sendContent()
  ./src/Glpi/Kernel/Kernel.php:295                   Symfony\Component\HttpFoundation\Response->send()
  ./public/index.php:73                              Glpi\Kernel\Kernel->sendResponse()

[2026-05-06 17:08:35] glpi.WARNING:   *** Warning: Attempt to read property "fields" on false at CommonITILObject.php line 2917
  Backtrace :
  ./src/CommonITILObject.php:2917                    
  ./src/Ticket.php:1530                              CommonITILObject->prepareInputForAdd()
  ./src/CommonDBTM.php:1339                          Ticket->prepareInputForAdd()
  ./src/Glpi/Api/API.php:1918                        CommonDBTM->add()
  ./src/Glpi/Api/APIRest.php:344                     Glpi\Api\API->createItems()
  ./src/Glpi/Controller/ApiRestController.php:59     Glpi\Api\APIRest->call()
  ./vendor/symfony/http-kernel/HttpKernel.php:101    Glpi\Controller\ApiRestController->Glpi\Controller\{closure}()
  ...ymfony/http-foundation/StreamedResponse.php:106 Symfony\Component\HttpKernel\HttpKernel::Symfony\Component\HttpKernel\{closure}()
  ./vendor/symfony/http-foundation/Response.php:423  Symfony\Component\HttpFoundation\StreamedResponse->sendContent()
  ./src/Glpi/Kernel/Kernel.php:295                   Symfony\Component\HttpFoundation\Response->send()
  ./public/index.php:73                              Glpi\Kernel\Kernel->sendResponse()

[2026-05-06 17:08:35] glpi.WARNING:   *** Warning: Trying to access array offset on null at CommonITILObject.php line 2917
  Backtrace :
  ./src/CommonITILObject.php:2917                    
  ./src/Ticket.php:1530                              CommonITILObject->prepareInputForAdd()
  ./src/CommonDBTM.php:1339                          Ticket->prepareInputForAdd()
  ./src/Glpi/Api/API.php:1918                        CommonDBTM->add()
  ./src/Glpi/Api/APIRest.php:344                     Glpi\Api\API->createItems()
  ./src/Glpi/Controller/ApiRestController.php:59     Glpi\Api\APIRest->call()
  ./vendor/symfony/http-kernel/HttpKernel.php:101    Glpi\Controller\ApiRestController->Glpi\Controller\{closure}()
  ...ymfony/http-foundation/StreamedResponse.php:106 Symfony\Component\HttpKernel\HttpKernel::Symfony\Component\HttpKernel\{closure}()
  ./vendor/symfony/http-foundation/Response.php:423  Symfony\Component\HttpFoundation\StreamedResponse->sendContent()
  ./src/Glpi/Kernel/Kernel.php:295                   Symfony\Component\HttpFoundation\Response->send()
  ./public/index.php:73                              Glpi\Kernel\Kernel->sendResponse()

[2026-05-06 17:08:35] glpi.WARNING:   *** Warning: Attempt to read property "fields" on false at CommonITILObject.php line 10794
  Backtrace :
  ./src/CommonITILObject.php:10794                   
  ./src/Ticket.php:5582                              CommonITILObject->fillInputForBusinessRules()
  ./src/CommonITILObject.php:11349                   Ticket->fillInputForBusinessRules()
  ./src/Ticket.php:6235                              CommonITILObject->processRules()
  ./src/Ticket.php:1612                              Ticket->processRules()
  ./src/CommonDBTM.php:1339                          Ticket->prepareInputForAdd()
  ./src/Glpi/Api/API.php:1918                        CommonDBTM->add()
  ./src/Glpi/Api/APIRest.php:344                     Glpi\Api\API->createItems()
  ./src/Glpi/Controller/ApiRestController.php:59     Glpi\Api\APIRest->call()
  ./vendor/symfony/http-kernel/HttpKernel.php:101    Glpi\Controller\ApiRestController->Glpi\Controller\{closure}()
  ...ymfony/http-foundation/StreamedResponse.php:106 Symfony\Component\HttpKernel\HttpKernel::Symfony\Component\HttpKernel\{closure}()
  ./vendor/symfony/http-foundation/Response.php:423  Symfony\Component\HttpFoundation\StreamedResponse->sendContent()
  ./src/Glpi/Kernel/Kernel.php:295                   Symfony\Component\HttpFoundation\Response->send()
  ./public/index.php:73                              Glpi\Kernel\Kernel->sendResponse()

[2026-05-06 17:08:35] glpi.WARNING:   *** Warning: Trying to access array offset on null at CommonITILObject.php line 10794
  Backtrace :
  ./src/CommonITILObject.php:10794                   
  ./src/Ticket.php:5582                              CommonITILObject->fillInputForBusinessRules()
  ./src/CommonITILObject.php:11349                   Ticket->fillInputForBusinessRules()
  ./src/Ticket.php:6235                              CommonITILObject->processRules()
  ./src/Ticket.php:1612                              Ticket->processRules()
  ./src/CommonDBTM.php:1339                          Ticket->prepareInputForAdd()
  ./src/Glpi/Api/API.php:1918                        CommonDBTM->add()
  ./src/Glpi/Api/APIRest.php:344                     Glpi\Api\API->createItems()
  ./src/Glpi/Controller/ApiRestController.php:59     Glpi\Api\APIRest->call()
  ./vendor/symfony/http-kernel/HttpKernel.php:101    Glpi\Controller\ApiRestController->Glpi\Controller\{closure}()
  ...ymfony/http-foundation/StreamedResponse.php:106 Symfony\Component\HttpKernel\HttpKernel::Symfony\Component\HttpKernel\{closure}()
  ./vendor/symfony/http-foundation/Response.php:423  Symfony\Component\HttpFoundation\StreamedResponse->sendContent()
  ./src/Glpi/Kernel/Kernel.php:295                   Symfony\Component\HttpFoundation\Response->send()
  ./public/index.php:73                              Glpi\Kernel\Kernel->sendResponse()

[2026-05-06 17:14:10] glpi.WARNING:   *** Warning: Attempt to read property "fields" on false at CommonITILObject.php line 2917
  Backtrace :
  ./src/CommonITILObject.php:2917                    
  ./src/Ticket.php:1530                              CommonITILObject->prepareInputForAdd()
  ./src/CommonDBTM.php:1339                          Ticket->prepareInputForAdd()
  ./src/Glpi/Api/API.php:1918                        CommonDBTM->add()
  ./src/Glpi/Api/APIRest.php:344                     Glpi\Api\API->createItems()
  ./src/Glpi/Controller/ApiRestController.php:59     Glpi\Api\APIRest->call()
  ./vendor/symfony/http-kernel/HttpKernel.php:101    Glpi\Controller\ApiRestController->Glpi\Controller\{closure}()
  ...ymfony/http-foundation/StreamedResponse.php:106 Symfony\Component\HttpKernel\HttpKernel::Symfony\Component\HttpKernel\{closure}()
  ./vendor/symfony/http-foundation/Response.php:423  Symfony\Component\HttpFoundation\StreamedResponse->sendContent()
  ./src/Glpi/Kernel/Kernel.php:295                   Symfony\Component\HttpFoundation\Response->send()
  ./public/index.php:73                              Glpi\Kernel\Kernel->sendResponse()

[2026-05-06 17:14:10] glpi.WARNING:   *** Warning: Trying to access array offset on null at CommonITILObject.php line 2917
  Backtrace :
  ./src/CommonITILObject.php:2917                    
  ./src/Ticket.php:1530                              CommonITILObject->prepareInputForAdd()
  ./src/CommonDBTM.php:1339                          Ticket->prepareInputForAdd()
  ./src/Glpi/Api/API.php:1918                        CommonDBTM->add()
  ./src/Glpi/Api/APIRest.php:344                     Glpi\Api\API->createItems()
  ./src/Glpi/Controller/ApiRestController.php:59     Glpi\Api\APIRest->call()
  ./vendor/symfony/http-kernel/HttpKernel.php:101    Glpi\Controller\ApiRestController->Glpi\Controller\{closure}()
  ...ymfony/http-foundation/StreamedResponse.php:106 Symfony\Component\HttpKernel\HttpKernel::Symfony\Component\HttpKernel\{closure}()
  ./vendor/symfony/http-foundation/Response.php:423  Symfony\Component\HttpFoundation\StreamedResponse->sendContent()
  ./src/Glpi/Kernel/Kernel.php:295                   Symfony\Component\HttpFoundation\Response->send()
  ./public/index.php:73                              Glpi\Kernel\Kernel->sendResponse()

[2026-05-06 17:14:10] glpi.WARNING:   *** Warning: Attempt to read property "fields" on false at CommonITILObject.php line 10794
  Backtrace :
  ./src/CommonITILObject.php:10794                   
  ./src/Ticket.php:5582                              CommonITILObject->fillInputForBusinessRules()
  ./src/CommonITILObject.php:11349                   Ticket->fillInputForBusinessRules()
  ./src/Ticket.php:6235                              CommonITILObject->processRules()
  ./src/Ticket.php:1612                              Ticket->processRules()
  ./src/CommonDBTM.php:1339                          Ticket->prepareInputForAdd()
  ./src/Glpi/Api/API.php:1918                        CommonDBTM->add()
  ./src/Glpi/Api/APIRest.php:344                     Glpi\Api\API->createItems()
  ./src/Glpi/Controller/ApiRestController.php:59     Glpi\Api\APIRest->call()
  ./vendor/symfony/http-kernel/HttpKernel.php:101    Glpi\Controller\ApiRestController->Glpi\Controller\{closure}()
  ...ymfony/http-foundation/StreamedResponse.php:106 Symfony\Component\HttpKernel\HttpKernel::Symfony\Component\HttpKernel\{closure}()
  ./vendor/symfony/http-foundation/Response.php:423  Symfony\Component\HttpFoundation\StreamedResponse->sendContent()
  ./src/Glpi/Kernel/Kernel.php:295                   Symfony\Component\HttpFoundation\Response->send()
  ./public/index.php:73                              Glpi\Kernel\Kernel->sendResponse()

[2026-05-06 17:14:10] glpi.WARNING:   *** Warning: Trying to access array offset on null at CommonITILObject.php line 10794
  Backtrace :
  ./src/CommonITILObject.php:10794                   
  ./src/Ticket.php:5582                              CommonITILObject->fillInputForBusinessRules()
  ./src/CommonITILObject.php:11349                   Ticket->fillInputForBusinessRules()
  ./src/Ticket.php:6235                              CommonITILObject->processRules()
  ./src/Ticket.php:1612                              Ticket->processRules()
  ./src/CommonDBTM.php:1339                          Ticket->prepareInputForAdd()
  ./src/Glpi/Api/API.php:1918                        CommonDBTM->add()
  ./src/Glpi/Api/APIRest.php:344                     Glpi\Api\API->createItems()
  ./src/Glpi/Controller/ApiRestController.php:59     Glpi\Api\APIRest->call()
  ./vendor/symfony/http-kernel/HttpKernel.php:101    Glpi\Controller\ApiRestController->Glpi\Controller\{closure}()
  ...ymfony/http-foundation/StreamedResponse.php:106 Symfony\Component\HttpKernel\HttpKernel::Symfony\Component\HttpKernel\{closure}()
  ./vendor/symfony/http-foundation/Response.php:423  Symfony\Component\HttpFoundation\StreamedResponse->sendContent()
  ./src/Glpi/Kernel/Kernel.php:295                   Symfony\Component\HttpFoundation\Response->send()
  ./public/index.php:73                              Glpi\Kernel\Kernel->sendResponse()

[2026-05-06 17:22:58] glpi.WARNING:   *** Warning: Attempt to read property "fields" on false at CommonITILObject.php line 2917
  Backtrace :
  ./src/CommonITILObject.php:2917                    
  ./src/Ticket.php:1530                              CommonITILObject->prepareInputForAdd()
  ./src/CommonDBTM.php:1339                          Ticket->prepareInputForAdd()
  ./src/Glpi/Api/API.php:1918                        CommonDBTM->add()
  ./src/Glpi/Api/APIRest.php:344                     Glpi\Api\API->createItems()
  ./src/Glpi/Controller/ApiRestController.php:59     Glpi\Api\APIRest->call()
  ./vendor/symfony/http-kernel/HttpKernel.php:101    Glpi\Controller\ApiRestController->Glpi\Controller\{closure}()
  ...ymfony/http-foundation/StreamedResponse.php:106 Symfony\Component\HttpKernel\HttpKernel::Symfony\Component\HttpKernel\{closure}()
  ./vendor/symfony/http-foundation/Response.php:423  Symfony\Component\HttpFoundation\StreamedResponse->sendContent()
  ./src/Glpi/Kernel/Kernel.php:295                   Symfony\Component\HttpFoundation\Response->send()
  ./public/index.php:73                              Glpi\Kernel\Kernel->sendResponse()

[2026-05-06 17:22:58] glpi.WARNING:   *** Warning: Trying to access array offset on null at CommonITILObject.php line 2917
  Backtrace :
  ./src/CommonITILObject.php:2917                    
  ./src/Ticket.php:1530                              CommonITILObject->prepareInputForAdd()
  ./src/CommonDBTM.php:1339                          Ticket->prepareInputForAdd()
  ./src/Glpi/Api/API.php:1918                        CommonDBTM->add()
  ./src/Glpi/Api/APIRest.php:344                     Glpi\Api\API->createItems()
  ./src/Glpi/Controller/ApiRestController.php:59     Glpi\Api\APIRest->call()
  ./vendor/symfony/http-kernel/HttpKernel.php:101    Glpi\Controller\ApiRestController->Glpi\Controller\{closure}()
  ...ymfony/http-foundation/StreamedResponse.php:106 Symfony\Component\HttpKernel\HttpKernel::Symfony\Component\HttpKernel\{closure}()
  ./vendor/symfony/http-foundation/Response.php:423  Symfony\Component\HttpFoundation\StreamedResponse->sendContent()
  ./src/Glpi/Kernel/Kernel.php:295                   Symfony\Component\HttpFoundation\Response->send()
  ./public/index.php:73                              Glpi\Kernel\Kernel->sendResponse()

[2026-05-06 17:22:58] glpi.WARNING:   *** Warning: Attempt to read property "fields" on false at CommonITILObject.php line 10794
  Backtrace :
  ./src/CommonITILObject.php:10794                   
  ./src/Ticket.php:5582                              CommonITILObject->fillInputForBusinessRules()
  ./src/CommonITILObject.php:11349                   Ticket->fillInputForBusinessRules()
  ./src/Ticket.php:6235                              CommonITILObject->processRules()
  ./src/Ticket.php:1612                              Ticket->processRules()
  ./src/CommonDBTM.php:1339                          Ticket->prepareInputForAdd()
  ./src/Glpi/Api/API.php:1918                        CommonDBTM->add()
  ./src/Glpi/Api/APIRest.php:344                     Glpi\Api\API->createItems()
  ./src/Glpi/Controller/ApiRestController.php:59     Glpi\Api\APIRest->call()
  ./vendor/symfony/http-kernel/HttpKernel.php:101    Glpi\Controller\ApiRestController->Glpi\Controller\{closure}()
  ...ymfony/http-foundation/StreamedResponse.php:106 Symfony\Component\HttpKernel\HttpKernel::Symfony\Component\HttpKernel\{closure}()
  ./vendor/symfony/http-foundation/Response.php:423  Symfony\Component\HttpFoundation\StreamedResponse->sendContent()
  ./src/Glpi/Kernel/Kernel.php:295                   Symfony\Component\HttpFoundation\Response->send()
  ./public/index.php:73                              Glpi\Kernel\Kernel->sendResponse()

[2026-05-06 17:22:58] glpi.WARNING:   *** Warning: Trying to access array offset on null at CommonITILObject.php line 10794
  Backtrace :
  ./src/CommonITILObject.php:10794                   
  ./src/Ticket.php:5582                              CommonITILObject->fillInputForBusinessRules()
  ./src/CommonITILObject.php:11349                   Ticket->fillInputForBusinessRules()
  ./src/Ticket.php:6235                              CommonITILObject->processRules()
  ./src/Ticket.php:1612                              Ticket->processRules()
  ./src/CommonDBTM.php:1339                          Ticket->prepareInputForAdd()
  ./src/Glpi/Api/API.php:1918                        CommonDBTM->add()
  ./src/Glpi/Api/APIRest.php:344                     Glpi\Api\API->createItems()
  ./src/Glpi/Controller/ApiRestController.php:59     Glpi\Api\APIRest->call()
  ./vendor/symfony/http-kernel/HttpKernel.php:101    Glpi\Controller\ApiRestController->Glpi\Controller\{closure}()
  ...ymfony/http-foundation/StreamedResponse.php:106 Symfony\Component\HttpKernel\HttpKernel::Symfony\Component\HttpKernel\{closure}()
  ./vendor/symfony/http-foundation/Response.php:423  Symfony\Component\HttpFoundation\StreamedResponse->sendContent()
  ./src/Glpi/Kernel/Kernel.php:295                   Symfony\Component\HttpFoundation\Response->send()
  ./public/index.php:73                              Glpi\Kernel\Kernel->sendResponse()

[2026-05-06 17:23:35] glpi.WARNING:   *** Warning: Attempt to read property "fields" on false at CommonITILObject.php line 2917
  Backtrace :
  ./src/CommonITILObject.php:2917                    
  ./src/Ticket.php:1530                              CommonITILObject->prepareInputForAdd()
  ./src/CommonDBTM.php:1339                          Ticket->prepareInputForAdd()
  ./src/Glpi/Api/API.php:1918                        CommonDBTM->add()
  ./src/Glpi/Api/APIRest.php:344                     Glpi\Api\API->createItems()
  ./src/Glpi/Controller/ApiRestController.php:59     Glpi\Api\APIRest->call()
  ./vendor/symfony/http-kernel/HttpKernel.php:101    Glpi\Controller\ApiRestController->Glpi\Controller\{closure}()
  ...ymfony/http-foundation/StreamedResponse.php:106 Symfony\Component\HttpKernel\HttpKernel::Symfony\Component\HttpKernel\{closure}()
  ./vendor/symfony/http-foundation/Response.php:423  Symfony\Component\HttpFoundation\StreamedResponse->sendContent()
  ./src/Glpi/Kernel/Kernel.php:295                   Symfony\Component\HttpFoundation\Response->send()
  ./public/index.php:73                              Glpi\Kernel\Kernel->sendResponse()

[2026-05-06 17:23:35] glpi.WARNING:   *** Warning: Trying to access array offset on null at CommonITILObject.php line 2917
  Backtrace :
  ./src/CommonITILObject.php:2917                    
  ./src/Ticket.php:1530                              CommonITILObject->prepareInputForAdd()
  ./src/CommonDBTM.php:1339                          Ticket->prepareInputForAdd()
  ./src/Glpi/Api/API.php:1918                        CommonDBTM->add()
  ./src/Glpi/Api/APIRest.php:344                     Glpi\Api\API->createItems()
  ./src/Glpi/Controller/ApiRestController.php:59     Glpi\Api\APIRest->call()
  ./vendor/symfony/http-kernel/HttpKernel.php:101    Glpi\Controller\ApiRestController->Glpi\Controller\{closure}()
  ...ymfony/http-foundation/StreamedResponse.php:106 Symfony\Component\HttpKernel\HttpKernel::Symfony\Component\HttpKernel\{closure}()
  ./vendor/symfony/http-foundation/Response.php:423  Symfony\Component\HttpFoundation\StreamedResponse->sendContent()
  ./src/Glpi/Kernel/Kernel.php:295                   Symfony\Component\HttpFoundation\Response->send()
  ./public/index.php:73                              Glpi\Kernel\Kernel->sendResponse()

[2026-05-06 17:23:35] glpi.WARNING:   *** Warning: Attempt to read property "fields" on false at CommonITILObject.php line 10794
  Backtrace :
  ./src/CommonITILObject.php:10794                   
  ./src/Ticket.php:5582                              CommonITILObject->fillInputForBusinessRules()
  ./src/CommonITILObject.php:11349                   Ticket->fillInputForBusinessRules()
  ./src/Ticket.php:6235                              CommonITILObject->processRules()
  ./src/Ticket.php:1612                              Ticket->processRules()
  ./src/CommonDBTM.php:1339                          Ticket->prepareInputForAdd()
  ./src/Glpi/Api/API.php:1918                        CommonDBTM->add()
  ./src/Glpi/Api/APIRest.php:344                     Glpi\Api\API->createItems()
  ./src/Glpi/Controller/ApiRestController.php:59     Glpi\Api\APIRest->call()
  ./vendor/symfony/http-kernel/HttpKernel.php:101    Glpi\Controller\ApiRestController->Glpi\Controller\{closure}()
  ...ymfony/http-foundation/StreamedResponse.php:106 Symfony\Component\HttpKernel\HttpKernel::Symfony\Component\HttpKernel\{closure}()
  ./vendor/symfony/http-foundation/Response.php:423  Symfony\Component\HttpFoundation\StreamedResponse->sendContent()
  ./src/Glpi/Kernel/Kernel.php:295                   Symfony\Component\HttpFoundation\Response->send()
  ./public/index.php:73                              Glpi\Kernel\Kernel->sendResponse()

[2026-05-06 17:23:35] glpi.WARNING:   *** Warning: Trying to access array offset on null at CommonITILObject.php line 10794
  Backtrace :
  ./src/CommonITILObject.php:10794                   
  ./src/Ticket.php:5582                              CommonITILObject->fillInputForBusinessRules()
  ./src/CommonITILObject.php:11349                   Ticket->fillInputForBusinessRules()
  ./src/Ticket.php:6235                              CommonITILObject->processRules()
  ./src/Ticket.php:1612                              Ticket->processRules()
  ./src/CommonDBTM.php:1339                          Ticket->prepareInputForAdd()
  ./src/Glpi/Api/API.php:1918                        CommonDBTM->add()
  ./src/Glpi/Api/APIRest.php:344                     Glpi\Api\API->createItems()
  ./src/Glpi/Controller/ApiRestController.php:59     Glpi\Api\APIRest->call()
  ./vendor/symfony/http-kernel/HttpKernel.php:101    Glpi\Controller\ApiRestController->Glpi\Controller\{closure}()
  ...ymfony/http-foundation/StreamedResponse.php:106 Symfony\Component\HttpKernel\HttpKernel::Symfony\Component\HttpKernel\{closure}()
  ./vendor/symfony/http-foundation/Response.php:423  Symfony\Component\HttpFoundation\StreamedResponse->sendContent()
  ./src/Glpi/Kernel/Kernel.php:295                   Symfony\Component\HttpFoundation\Response->send()
  ./public/index.php:73                              Glpi\Kernel\Kernel->sendResponse()

[2026-05-06 19:14:07] glpi.WARNING:   *** Test logger
